Archive Project report for ProcessadorMIPS
Fri Nov 20 10:32:27 2020
Quartus Prime Version 20.1.0 Build 711 06/05/2020 SJ Lite Edition


---------------------
; Table of Contents ;
---------------------
  1. Legal Notice
  2. Archive Project Summary
  3. Archive Project Messages
  4. Files Archived



----------------
; Legal Notice ;
----------------
Copyright (C) 2020  Intel Corporation. All rights reserved.
Your use of Intel Corporation's design tools, logic functions 
and other software and tools, and any partner logic 
functions, and any output files from any of the foregoing 
(including device programming or simulation files), and any 
associated documentation or information are expressly subject 
to the terms and conditions of the Intel Program License 
Subscription Agreement, the Intel Quartus Prime License Agreement,
the Intel FPGA IP License Agreement, or other applicable license
agreement, including, without limitation, that your use is for
the sole purpose of programming logic devices manufactured by
Intel and sold by Intel or its authorized distributors.  Please
refer to the applicable agreement for further details, at
https://fpgasoftware.intel.com/eula.



+------------------------------------------------------------+
; Archive Project Summary                                    ;
+------------------------+-----------------------------------+
; Archive Project Status ; Failed - Fri Nov 20 10:32:27 2020 ;
; Revision Name          ; ProcessadorMIPS                   ;
; Top-level Entity Name  ; ProcessadorMIPS                   ;
; Family                 ; Cyclone V                         ;
+------------------------+-----------------------------------+


+--------------------------+
; Archive Project Messages ;
+--------------------------+
Info: File Set 'Source control' contains:
    Info: Project source and settings files
    Info: Automatically detected source files
Warning: Hierarchical Platform Designer systems and custom IP components(_hw.tcl and associated files) are not archived by the Quartus Archiver
Info: Archive will store files relative to the closest common parent directory
Error (225006): Can't create Quartus Prime Archive File C:/Users/Mayra Peter/Documents/6 SEMESTRE/Design/DesComp/Aula15/ProcessadorMIPSEntrega20/11.qar
Error: ERROR: Archiver failed either because some files could not be processed (refer to: C:/Users/Mayra Peter/Documents/6 SEMESTRE/Design/DesComp/Aula15/ProcessadorMIPSEntrega20/11.qarlog) or because C:/Users/Mayra Peter/Documents/6 SEMESTRE/Design/DesComp/Aula15/ProcessadorMIPSEntrega20/11.qar is read-only

Error: Failed to generate 'C:/Users/Mayra Peter/Documents/6 SEMESTRE/Design/DesComp/Aula15/ProcessadorMIPSEntrega20/11.qar'
Info: Generated report 'ProcessadorMIPS.archive.rpt'
Error (23031): Evaluation of Tcl script c:/intelfpga_lite/20.1/quartus/common/tcl/apps/qpm/qar.tcl unsuccessful
Error: Quartus Prime Shell was unsuccessful. 4 errors, 1 warning
    Error: Peak virtual memory: 4829 megabytes
    Error: Processing ended: Fri Nov 20 10:32:27 2020
    Error: Elapsed time: 00:00:10
    Error: Total CPU time (on all processors): 00:00:04


+--------------------------------------+
; Files Archived                       ;
+--------------------------------------+
; File Name                            ;
+--------------------------------------+
; assignment_defaults.qdf              ;
; concatena.vhd                        ;
; estendeSinalGenerico.vhd             ;
; flipFlopGenerico.vhd                 ;
; MIPS/bancoRegistradoresArqRegReg.vhd ;
; MIPS/ProcessadorMIPS.vhd             ;
; MIPS/registradorGenerico.vhd         ;
; MIPS/ROMMIPS.vhd                     ;
; MIPS/somaConstante.vhd               ;
; MIPS/ULA.vhd                         ;
; MIPS/UnidadeControle.vhd             ;
; muxGenerico2x1.vhd                   ;
; muxGenerico2x1_1bit.vhd              ;
; muxGenerico4x1.vhd                   ;
; overflow.vhd                         ;
; ProcessadorMIPS.qpf                  ;
; ProcessadorMIPS.qsf                  ;
; qar_info.json                        ;
; RAMMIPS.vhd                          ;
; ROMcontent.mif                       ;
; somador.vhd                          ;
; somadorCompleto.vhd                  ;
; UC_ULA.vhd                           ;
; ULA1bit.vhd                          ;
; Waveform1.vwf                        ;
; Waveform2.vwf                        ;
; Waveform3.vwf                        ;
; Waveform4.vwf                        ;
; Waveform5.vwf                        ;
; Waveform6.vwf                        ;
; Waveform7.vwf                        ;
; Waveform8.vwf                        ;
+--------------------------------------+


