------------------------------------------------------------
Timing Analyzer Summary
------------------------------------------------------------

Type  : Slow 1100mV 85C Model Setup 'clk'
Slack : -7.390
TNS   : -3946.364

Type  : Slow 1100mV 85C Model Hold 'clk'
Slack : 0.445
TNS   : 0.000

Type  : Slow 1100mV 85C Model Minimum Pulse Width 'clk'
Slack : -2.636
TNS   : -647.720

Type  : Slow 1100mV 0C Model Setup 'clk'
Slack : -7.327
TNS   : -3928.882

Type  : Slow 1100mV 0C Model Hold 'clk'
Slack : 0.450
TNS   : 0.000

Type  : Slow 1100mV 0C Model Minimum Pulse Width 'clk'
Slack : -2.636
TNS   : -654.168

Type  : Fast 1100mV 85C Model Setup 'clk'
Slack : -3.499
TNS   : -1796.367

Type  : Fast 1100mV 85C Model Hold 'clk'
Slack : 0.204
TNS   : 0.000

Type  : Fast 1100mV 85C Model Minimum Pulse Width 'clk'
Slack : -2.174
TNS   : -195.995

Type  : Fast 1100mV 0C Model Setup 'clk'
Slack : -3.071
TNS   : -1561.806

Type  : Fast 1100mV 0C Model Hold 'clk'
Slack : 0.193
TNS   : 0.000

Type  : Fast 1100mV 0C Model Minimum Pulse Width 'clk'
Slack : -2.174
TNS   : -197.707

------------------------------------------------------------
